22:24:09  INFO     Bekannte SHA256 aus vergangenen 48h: 773
22:24:09  INFO     MalwareBazaar: hole letzte 100 Samples ...
22:24:13  INFO     MB: 100 eindeutige Samples im Batch.
22:24:13  INFO     Wochen-Sample abgelaufen (7d) — rotiere auf neues Sample.
22:24:13  INFO     Neues Wochen-Sample: 94620f612e74609a… (CoinMiner)
22:24:13  INFO     Deduplizierung: 82 bereits bekannte SHA256 übersprungen.
22:24:13  INFO     Neu zu analysieren: 18 Samples.
22:24:13  INFO     VT: 5 Samples anreichern (4 zufällig + 1 Wochen-Sample) ...
22:24:13  INFO       [1/5] be9cb31ff1434c8d...
22:24:14  INFO         4/75 erkannt (5.3%) — ⚠️ KAUM ERKANNT — 4 Engines
22:24:30  INFO       [2/5] 9b2a69e414035f34...
22:24:30  INFO         28/75 erkannt (37.3%) — 🟡 SCHWACH ERKANNT — 28 Engines
22:24:46  INFO       [3/5] fdba2c8f46d4a461...
22:24:47  INFO         1/75 erkannt (1.3%) — ⚠️ KAUM ERKANNT — 1 Engines
22:25:03  INFO       [4/5] a3300d7839219589...
22:25:03  INFO         4/75 erkannt (5.3%) — ⚠️ KAUM ERKANNT — 4 Engines
22:25:19  INFO       [5/5] 94620f612e74609a...  ⭐ WOCHEN
22:25:19  INFO         50/75 erkannt (66.7%) — 🟠 MÄSSIG ERKANNT — 50 Engines
22:25:19  INFO     Analysiere 18 neue Samples ...
22:25:19  INFO     seen_hashes.json: 791 Einträge gespeichert.
