08:27:36  INFO     Bekannte SHA256 aus vergangenen 48h: 638
08:27:36  INFO     MalwareBazaar: hole letzte 100 Samples ...
08:27:48  INFO     MB: 100 eindeutige Samples im Batch.
08:27:48  INFO     Wochen-Sample abgelaufen (7d) — rotiere auf neues Sample.
08:27:48  INFO     Neues Wochen-Sample: 77da09a95342309e… (NanoCore)
08:27:48  INFO     Deduplizierung: 26 bereits bekannte SHA256 übersprungen.
08:27:48  INFO     Neu zu analysieren: 74 Samples.
08:27:48  INFO     VT: 5 Samples anreichern (4 zufällig + 1 Wochen-Sample) ...
08:27:48  INFO       [1/5] 3c047882f1bbf5d8...
08:27:48  INFO         15/75 erkannt (20.0%) — 🟡 SCHWACH ERKANNT — 15 Engines
08:28:04  INFO       [2/5] f42f6fdde44cbe18...
08:28:05  INFO         7/75 erkannt (9.3%) — ⚠️ KAUM ERKANNT — 7 Engines
08:28:21  INFO       [3/5] b8e4dde0ff9acada...
08:28:21  INFO         5/75 erkannt (6.7%) — ⚠️ KAUM ERKANNT — 5 Engines
08:28:37  INFO       [4/5] ce23bc6e1ad29a32...
08:28:37  INFO         23/75 erkannt (30.7%) — 🟡 SCHWACH ERKANNT — 23 Engines
08:28:53  INFO       [5/5] 77da09a95342309e...  ⭐ WOCHEN
08:28:53  INFO         65/75 erkannt (86.7%) — ✅ GUT ERKANNT — 65 Engines
08:28:53  INFO     Analysiere 74 neue Samples ...
08:28:53  INFO     seen_hashes.json: 712 Einträge gespeichert.
