19:10:47  INFO     Bekannte SHA256 aus vergangenen 48h: 804
19:10:47  INFO     MalwareBazaar: hole letzte 100 Samples ...
19:10:51  INFO     MB: 100 eindeutige Samples im Batch.
19:10:51  INFO     Wochen-Sample abgelaufen (7d) — rotiere auf neues Sample.
19:10:51  INFO     Neues Wochen-Sample: 364d3883e81da01b… (XoriumStealer)
19:10:51  INFO     Deduplizierung: 73 bereits bekannte SHA256 übersprungen.
19:10:51  INFO     Neu zu analysieren: 27 Samples.
19:10:51  INFO     VT: 5 Samples anreichern (4 zufällig + 1 Wochen-Sample) ...
19:10:51  INFO       [1/5] b75a1f635e976190...
19:10:51  WARNING      kein VT-Ergebnis
19:11:07  INFO       [2/5] a007111bc2e22b8f...
19:11:08  INFO         21/74 erkannt (28.4%) — 🟡 SCHWACH ERKANNT — 21 Engines
19:11:24  INFO       [3/5] 9aa2c888e7d2a08a...
19:11:24  INFO         42/74 erkannt (56.8%) — 🟠 MÄSSIG ERKANNT — 42 Engines
19:11:40  INFO       [4/5] ea31e8a1d6cb9142...
19:11:40  INFO         25/74 erkannt (33.8%) — 🟡 SCHWACH ERKANNT — 25 Engines
19:11:56  INFO       [5/5] 364d3883e81da01b...  ⭐ WOCHEN
19:11:56  INFO         51/74 erkannt (68.9%) — 🟠 MÄSSIG ERKANNT — 51 Engines
19:11:56  INFO     Analysiere 27 neue Samples ...
19:11:56  INFO     seen_hashes.json: 831 Einträge gespeichert.
