20:32:19  INFO     Bekannte SHA256 aus vergangenen 48h: 834
20:32:19  INFO     MalwareBazaar: hole letzte 100 Samples ...
20:32:23  INFO     MB: 100 eindeutige Samples im Batch.
20:32:23  INFO     Wochen-Sample abgelaufen (7d) — rotiere auf neues Sample.
20:32:23  INFO     Neues Wochen-Sample: 0c8531102efedf99… (RemusStealer)
20:32:23  INFO     Deduplizierung: 80 bereits bekannte SHA256 übersprungen.
20:32:23  INFO     Neu zu analysieren: 20 Samples.
20:32:23  INFO     VT: 5 Samples anreichern (4 zufällig + 1 Wochen-Sample) ...
20:32:23  INFO       [1/5] d3b3c71bff27da97...
20:32:23  INFO         30/75 erkannt (40.0%) — 🟠 MÄSSIG ERKANNT — 30 Engines
20:32:39  INFO       [2/5] 01f7c92354dc9a51...
20:32:39  INFO         12/75 erkannt (16.0%) — 🟡 SCHWACH ERKANNT — 12 Engines
20:32:55  INFO       [3/5] 22e9872417a460fb...
20:32:56  INFO         10/75 erkannt (13.3%) — 🟡 SCHWACH ERKANNT — 10 Engines
20:33:12  INFO       [4/5] 50334f35d3b1bd53...
20:33:13  INFO         16/75 erkannt (21.3%) — 🟡 SCHWACH ERKANNT — 16 Engines
20:33:29  INFO       [5/5] 0c8531102efedf99...  ⭐ WOCHEN
20:33:29  INFO         12/75 erkannt (16.0%) — 🟡 SCHWACH ERKANNT — 12 Engines
20:33:29  INFO     Analysiere 20 neue Samples ...
20:33:29  INFO     seen_hashes.json: 854 Einträge gespeichert.
