01:29:15  INFO     Bekannte SHA256 aus vergangenen 48h: 807
01:29:15  INFO     MalwareBazaar: hole letzte 100 Samples ...
01:29:19  INFO     MB: 100 eindeutige Samples im Batch.
01:29:19  INFO     Wochen-Sample abgelaufen (7d) — rotiere auf neues Sample.
01:29:19  INFO     Neues Wochen-Sample: db576e0cfabd6fad… (Vidar)
01:29:19  INFO     Deduplizierung: 71 bereits bekannte SHA256 übersprungen.
01:29:19  INFO     Neu zu analysieren: 29 Samples.
01:29:19  INFO     VT: 5 Samples anreichern (4 zufällig + 1 Wochen-Sample) ...
01:29:19  INFO       [1/5] a6fbbdec757b0fe9...
01:29:19  INFO         36/75 erkannt (48.0%) — 🟠 MÄSSIG ERKANNT — 36 Engines
01:29:35  INFO       [2/5] 697a9e37941c73e9...
01:29:35  INFO         20/75 erkannt (26.7%) — 🟡 SCHWACH ERKANNT — 20 Engines
01:29:51  INFO       [3/5] 5693516606e45930...
01:29:52  INFO         12/75 erkannt (16.0%) — 🟡 SCHWACH ERKANNT — 12 Engines
01:30:08  INFO       [4/5] 6f295f2aa87bdc8c...
01:30:08  INFO         9/75 erkannt (12.0%) — 🟡 SCHWACH ERKANNT — 9 Engines
01:30:24  INFO       [5/5] db576e0cfabd6fad...  ⭐ WOCHEN
01:30:24  INFO         29/75 erkannt (38.7%) — 🟡 SCHWACH ERKANNT — 29 Engines
01:30:24  INFO     Analysiere 29 neue Samples ...
01:30:24  INFO     seen_hashes.json: 836 Einträge gespeichert.
