00:32:26  INFO     Bekannte SHA256 aus vergangenen 48h: 706
00:32:26  INFO     MalwareBazaar: hole letzte 100 Samples ...
00:32:27  INFO     MB: 100 eindeutige Samples im Batch.
00:32:27  INFO     Wochen-Sample: ba0f697bbdbabdcb… (noch 7d aktiv)
00:32:27  INFO     Deduplizierung: 63 bereits bekannte SHA256 übersprungen.
00:32:27  INFO     Neu zu analysieren: 37 Samples.
00:32:27  INFO     VT: 5 Samples anreichern (4 zufällig + 1 Wochen-Sample) ...
00:32:27  INFO       [1/5] f02c012b21fbd9aa...
00:32:27  INFO         6/75 erkannt (8.0%) — ⚠️ KAUM ERKANNT — 6 Engines
00:32:43  INFO       [2/5] f31ece43389d70c6...
00:33:03  WARNING  GET Versuch 1/3: HTTPSConnectionPool(host='www.virustotal.com', port=443): Read timed out. (read timeout=20) — warte 1s
00:33:24  WARNING  GET Versuch 2/3: HTTPSConnectionPool(host='www.virustotal.com', port=443): Read timed out. (read timeout=20) — warte 2s
00:33:27  INFO         11/75 erkannt (14.7%) — 🟡 SCHWACH ERKANNT — 11 Engines
00:33:43  INFO       [3/5] cf68e31b765dca74...
00:33:43  INFO         42/75 erkannt (56.0%) — 🟠 MÄSSIG ERKANNT — 42 Engines
00:33:59  INFO       [4/5] ba5088e6fff5b63a...
00:34:00  INFO         21/75 erkannt (28.0%) — 🟡 SCHWACH ERKANNT — 21 Engines
00:34:16  INFO       [5/5] ba0f697bbdbabdcb...  ⭐ WOCHEN
00:34:16  INFO         12/75 erkannt (16.0%) — 🟡 SCHWACH ERKANNT — 12 Engines
00:34:16  INFO     Analysiere 37 neue Samples ...
00:34:16  INFO     seen_hashes.json: 743 Einträge gespeichert.
