21:00:54  INFO     Bekannte SHA256 aus vergangenen 48h: 756
21:00:54  INFO     MalwareBazaar: hole letzte 100 Samples ...
21:00:55  INFO     MB: 100 eindeutige Samples im Batch.
21:00:55  INFO     Wochen-Sample abgelaufen (7d) — rotiere auf neues Sample.
21:00:55  INFO     Neues Wochen-Sample: ba0f697bbdbabdcb… (ConnectWise)
21:00:55  INFO     Deduplizierung: 50 bereits bekannte SHA256 übersprungen.
21:00:55  INFO     Neu zu analysieren: 50 Samples.
21:00:55  INFO     VT: 5 Samples anreichern (4 zufällig + 1 Wochen-Sample) ...
21:00:55  INFO       [1/5] 6355f1e1c0147651...
21:00:56  INFO         36/75 erkannt (48.0%) — 🟠 MÄSSIG ERKANNT — 36 Engines
21:01:12  INFO       [2/5] b41d7edd26b0da6c...
21:01:12  INFO         42/75 erkannt (56.0%) — 🟠 MÄSSIG ERKANNT — 42 Engines
21:01:28  INFO       [3/5] 0577e2fd8f5da739...
21:01:29  INFO         40/75 erkannt (53.3%) — 🟠 MÄSSIG ERKANNT — 40 Engines
21:01:45  INFO       [4/5] abb2c49a2cd2138a...
21:01:45  INFO         41/75 erkannt (54.7%) — 🟠 MÄSSIG ERKANNT — 41 Engines
21:02:01  INFO       [5/5] ba0f697bbdbabdcb...  ⭐ WOCHEN
21:02:01  INFO         12/75 erkannt (16.0%) — 🟡 SCHWACH ERKANNT — 12 Engines
21:02:01  INFO     Analysiere 50 neue Samples ...
21:02:01  INFO     seen_hashes.json: 806 Einträge gespeichert.
