13:16:20  INFO     Bekannte SHA256 aus vergangenen 48h: 1108
13:16:20  INFO     MalwareBazaar: hole letzte 100 Samples ...
13:16:20  WARNING  POST Versuch 1/3 fehlgeschlagen: 502 Server Error: Bad Gateway for url: https://mb-api.abuse.ch/api/v1/ — warte 1s
13:16:25  INFO     MB: 100 eindeutige Samples im Batch.
13:16:25  INFO     Wochen-Sample: 0c8531102efedf99… (noch 3d aktiv)
13:16:25  INFO     Deduplizierung: 15 bereits bekannte SHA256 übersprungen.
13:16:25  INFO     Neu zu analysieren: 85 Samples.
13:16:25  INFO     VT: 5 Samples anreichern (4 zufällig + 1 Wochen-Sample) ...
13:16:25  INFO       [1/5] 9985a958af279455...
13:16:25  INFO         12/75 erkannt (16.0%) — 🟡 SCHWACH ERKANNT — 12 Engines
13:16:41  INFO       [2/5] 9848d7172a8a40c0...
13:16:41  INFO         4/75 erkannt (5.3%) — ⚠️ KAUM ERKANNT — 4 Engines
13:16:57  INFO       [3/5] d1ccedd9d262377a...
13:16:58  INFO         21/75 erkannt (28.0%) — 🟡 SCHWACH ERKANNT — 21 Engines
13:17:14  INFO       [4/5] f2a73d34cc811730...
13:17:14  INFO         11/75 erkannt (14.7%) — 🟡 SCHWACH ERKANNT — 11 Engines
13:17:30  INFO       [5/5] 0c8531102efedf99...  ⭐ WOCHEN
13:17:31  INFO         45/75 erkannt (60.0%) — 🟠 MÄSSIG ERKANNT — 45 Engines
13:17:31  INFO     Analysiere 85 neue Samples ...
13:17:31  INFO     seen_hashes.json: 1193 Einträge gespeichert.
