04:56:23  INFO     Bekannte SHA256 aus vergangenen 48h: 620
04:56:23  INFO     MalwareBazaar: hole letzte 100 Samples ...
04:56:27  INFO     MB: 100 eindeutige Samples im Batch.
04:56:27  INFO     Wochen-Sample abgelaufen (7d) — rotiere auf neues Sample.
04:56:27  INFO     Neues Wochen-Sample: 1c250ac3db43c837… (NanoCore)
04:56:27  INFO     Deduplizierung: 10 bereits bekannte SHA256 übersprungen.
04:56:27  INFO     Neu zu analysieren: 90 Samples.
04:56:27  INFO     VT: 5 Samples anreichern (4 zufällig + 1 Wochen-Sample) ...
04:56:27  INFO       [1/5] de752d1483f08eb6...
04:56:28  INFO         11/74 erkannt (14.9%) — 🟡 SCHWACH ERKANNT — 11 Engines
04:56:44  INFO       [2/5] 01123a984a2f9242...
04:56:44  INFO         0/75 erkannt (0.0%) — ⚠️ KAUM ERKANNT — 0 Engines
04:57:00  INFO       [3/5] 17d833ae1bc3b808...
04:57:01  INFO         1/75 erkannt (1.3%) — ⚠️ KAUM ERKANNT — 1 Engines
04:57:17  INFO       [4/5] 755c6c7be1214ddd...
04:57:17  INFO         38/75 erkannt (50.7%) — 🟠 MÄSSIG ERKANNT — 38 Engines
04:57:33  INFO       [5/5] 1c250ac3db43c837...  ⭐ WOCHEN
04:57:34  INFO         63/75 erkannt (84.0%) — ✅ GUT ERKANNT — 63 Engines
04:57:34  INFO     Analysiere 90 neue Samples ...
04:57:34  INFO     seen_hashes.json: 710 Einträge gespeichert.
