19:11:29  INFO     Bekannte SHA256 aus vergangenen 48h: 657
19:11:29  INFO     MalwareBazaar: hole letzte 100 Samples ...
19:11:33  INFO     MB: 100 eindeutige Samples im Batch.
19:11:33  INFO     Wochen-Sample abgelaufen (7d) — rotiere auf neues Sample.
19:11:33  INFO     Neues Wochen-Sample: 266ee21a6c9f3408… (Efimer)
19:11:33  INFO     Deduplizierung: 89 bereits bekannte SHA256 übersprungen.
19:11:33  INFO     Neu zu analysieren: 11 Samples.
19:11:33  INFO     VT: 5 Samples anreichern (4 zufällig + 1 Wochen-Sample) ...
19:11:33  INFO       [1/5] 36b289daf23e2fc9...
19:11:34  WARNING      kein VT-Ergebnis
19:11:50  INFO       [2/5] 01067bc1b1b5c847...
19:11:50  INFO         27/75 erkannt (36.0%) — 🟡 SCHWACH ERKANNT — 27 Engines
19:12:06  INFO       [3/5] b76abc2c6b2463ed...
19:12:06  INFO         18/75 erkannt (24.0%) — 🟡 SCHWACH ERKANNT — 18 Engines
19:12:22  INFO       [4/5] 61b3c3492c341bd8...
19:12:24  INFO         25/75 erkannt (33.3%) — 🟡 SCHWACH ERKANNT — 25 Engines
19:12:40  INFO       [5/5] 266ee21a6c9f3408...  ⭐ WOCHEN
19:12:40  INFO         36/75 erkannt (48.0%) — 🟠 MÄSSIG ERKANNT — 36 Engines
19:12:40  INFO     Analysiere 11 neue Samples ...
19:12:40  INFO     seen_hashes.json: 668 Einträge gespeichert.
