14:09:48  INFO     Bekannte SHA256 aus vergangenen 48h: 386
14:09:48  INFO     MalwareBazaar: hole letzte 100 Samples ...
14:09:52  INFO     MB: 100 eindeutige Samples im Batch.
14:09:52  INFO     Wochen-Sample abgelaufen (7d) — rotiere auf neues Sample.
14:09:52  INFO     Neues Wochen-Sample: c780e43077af07e9… (ConnectWise)
14:09:52  INFO     Deduplizierung: 36 bereits bekannte SHA256 übersprungen.
14:09:52  INFO     Neu zu analysieren: 64 Samples.
14:09:52  INFO     VT: 5 Samples anreichern (4 zufällig + 1 Wochen-Sample) ...
14:09:52  INFO       [1/5] 91b563e5effea212...
14:09:52  WARNING      kein VT-Ergebnis
14:10:08  INFO       [2/5] 80ce21bc93c140f8...
14:10:09  INFO         35/75 erkannt (46.7%) — 🟠 MÄSSIG ERKANNT — 35 Engines
14:10:25  INFO       [3/5] 43473c2ee7dc5543...
14:10:25  WARNING      kein VT-Ergebnis
14:10:41  INFO       [4/5] 3ff4f41605d3b7d5...
14:10:41  INFO         15/75 erkannt (20.0%) — 🟡 SCHWACH ERKANNT — 15 Engines
14:10:57  INFO       [5/5] c780e43077af07e9...  ⭐ WOCHEN
14:10:57  INFO         15/75 erkannt (20.0%) — 🟡 SCHWACH ERKANNT — 15 Engines
14:10:57  INFO     Analysiere 64 neue Samples ...
14:10:58  INFO     seen_hashes.json: 450 Einträge gespeichert.
